// Jest Snapshot v1, https://goo.gl/fbAQLP

exports[`BookShelf renders correctly 1`] = `
<div
  className="sc-dnqmqq jZKEPD"
>
  <div
    className="sc-iwsKbI dzXSNL"
  >
    <h2
      className="sc-gZMcBi kDrpUp"
    >
      Currently Reading
    </h2>
    <div
      className="sc-gqjmRU llWrTw"
    >
      <ol
        className="sc-VigVT ikfzsh"
      />
    </div>
  </div>
  <div
    className="sc-iwsKbI dzXSNL"
  >
    <h2
      className="sc-gZMcBi kDrpUp"
    >
      Want to Read
    </h2>
    <div
      className="sc-gqjmRU llWrTw"
    >
      <ol
        className="sc-VigVT ikfzsh"
      />
    </div>
  </div>
  <div
    className="sc-iwsKbI dzXSNL"
  >
    <h2
      className="sc-gZMcBi kDrpUp"
    >
      Read
    </h2>
    <div
      className="sc-gqjmRU llWrTw"
    >
      <ol
        className="sc-VigVT ikfzsh"
      />
    </div>
  </div>
  <div
    className="sc-jTzLTM ejPGxo"
  >
    <a
      className="sc-fjdhpX iGFonT"
      href="/search"
      onClick={[Function]}
    >
      Add a book
    </a>
  </div>
</div>
`;
